../Core/Src/BNO055.c:32:6:bno055_set_i2c_handler	16	static
../Core/Src/BNO055.c:36:9:bno055_writeData	40	static
../Core/Src/BNO055.c:97:9:bno055_readData	32	static
../Core/Src/BNO055.c:113:6:bno055_delay	16	static
../Core/Src/BNO055.c:117:20:bno055_init	72	static
../Core/Src/BNO055.c:210:20:bno055_read_acc_x	24	static
../Core/Src/BNO055.c:217:20:bno055_read_acc_y	24	static
../Core/Src/BNO055.c:224:20:bno055_read_acc_z	24	static
../Core/Src/BNO055.c:231:20:bno055_read_acc_xyz	24	static
../Core/Src/BNO055.c:241:20:bno055_read_mag_x	24	static
../Core/Src/BNO055.c:248:20:bno055_read_mag_y	24	static
../Core/Src/BNO055.c:255:20:bno055_read_mag_z	24	static
../Core/Src/BNO055.c:262:20:bno055_read_mag_xyz	24	static
../Core/Src/BNO055.c:272:20:bno055_read_gyr_x	24	static
../Core/Src/BNO055.c:279:20:bno055_read_gyr_y	24	static
../Core/Src/BNO055.c:286:20:bno055_read_gyr_z	24	static
../Core/Src/BNO055.c:293:20:bno055_read_gyr_xyz	24	static
../Core/Src/BNO055.c:303:20:bno055_read_euler_h	24	static
../Core/Src/BNO055.c:310:20:bno055_read_euler_r	24	static
../Core/Src/BNO055.c:317:20:bno055_read_euler_p	24	static
../Core/Src/BNO055.c:324:20:bno055_read_euler_hrp	24	static
../Core/Src/BNO055.c:334:20:bno055_read_quaternion_w	24	static
../Core/Src/BNO055.c:341:20:bno055_read_quaternion_x	24	static
../Core/Src/BNO055.c:348:20:bno055_read_quaternion_y	24	static
../Core/Src/BNO055.c:355:20:bno055_read_quaternion_z	24	static
../Core/Src/BNO055.c:362:20:bno055_read_quaternion_wxyz	32	static
../Core/Src/BNO055.c:373:20:bno055_read_linear_acc_x	24	static
../Core/Src/BNO055.c:380:20:bno055_read_linear_acc_y	24	static
../Core/Src/BNO055.c:387:20:bno055_read_linear_acc_z	24	static
../Core/Src/BNO055.c:394:20:bno055_read_linear_acc_xyz	24	static
../Core/Src/BNO055.c:404:20:bno055_read_gravity_x	24	static
../Core/Src/BNO055.c:411:20:bno055_read_gravity_y	24	static
../Core/Src/BNO055.c:418:20:bno055_read_gravity_z	24	static
../Core/Src/BNO055.c:425:20:bno055_read_gravity_xyz	24	static
../Core/Src/BNO055.c:435:20:bno055_get_acc_calib_status	16	static
../Core/Src/BNO055.c:439:20:bno055_get_mag_calib_status	16	static
../Core/Src/BNO055.c:443:20:bno055_get_gyr_calib_status	16	static
