../Core/Src/BNO055.c:32:6:bno055_set_i2c_handler	16	static
../Core/Src/BNO055.c:36:9:bno055_writeData	40	static
../Core/Src/BNO055.c:98:9:bno055_readData	32	static
../Core/Src/BNO055.c:116:6:bno055_delay	16	static
../Core/Src/BNO055.c:120:20:bno055_init	72	static
../Core/Src/BNO055.c:213:20:bno055_read_acc_x	24	static
../Core/Src/BNO055.c:220:20:bno055_read_acc_y	24	static
../Core/Src/BNO055.c:227:20:bno055_read_acc_z	24	static
../Core/Src/BNO055.c:234:20:bno055_read_acc_xyz	24	static
../Core/Src/BNO055.c:244:20:bno055_read_mag_x	24	static
../Core/Src/BNO055.c:251:20:bno055_read_mag_y	24	static
../Core/Src/BNO055.c:258:20:bno055_read_mag_z	24	static
../Core/Src/BNO055.c:265:20:bno055_read_mag_xyz	24	static
../Core/Src/BNO055.c:275:20:bno055_read_gyr_x	24	static
../Core/Src/BNO055.c:282:20:bno055_read_gyr_y	24	static
../Core/Src/BNO055.c:289:20:bno055_read_gyr_z	24	static
../Core/Src/BNO055.c:296:20:bno055_read_gyr_xyz	24	static
../Core/Src/BNO055.c:306:20:bno055_read_euler_h	24	static
../Core/Src/BNO055.c:313:20:bno055_read_euler_r	24	static
../Core/Src/BNO055.c:320:20:bno055_read_euler_p	24	static
../Core/Src/BNO055.c:327:20:bno055_read_euler_hrp	24	static
../Core/Src/BNO055.c:337:20:bno055_read_quaternion_w	24	static
../Core/Src/BNO055.c:344:20:bno055_read_quaternion_x	24	static
../Core/Src/BNO055.c:351:20:bno055_read_quaternion_y	24	static
../Core/Src/BNO055.c:358:20:bno055_read_quaternion_z	24	static
../Core/Src/BNO055.c:365:20:bno055_read_quaternion_wxyz	32	static
../Core/Src/BNO055.c:376:20:bno055_read_linear_acc_x	24	static
../Core/Src/BNO055.c:383:20:bno055_read_linear_acc_y	24	static
../Core/Src/BNO055.c:390:20:bno055_read_linear_acc_z	24	static
../Core/Src/BNO055.c:397:20:bno055_read_linear_acc_xyz	24	static
../Core/Src/BNO055.c:407:20:bno055_read_gravity_x	24	static
../Core/Src/BNO055.c:414:20:bno055_read_gravity_y	24	static
../Core/Src/BNO055.c:421:20:bno055_read_gravity_z	24	static
../Core/Src/BNO055.c:428:20:bno055_read_gravity_xyz	24	static
../Core/Src/BNO055.c:438:20:bno055_get_acc_calib_status	16	static
../Core/Src/BNO055.c:442:20:bno055_get_mag_calib_status	16	static
../Core/Src/BNO055.c:446:20:bno055_get_gyr_calib_status	16	static
